<?xml version="1.0" encoding="UTF-8"?>
<testsuites name="jest tests" tests="1" failures="0" errors="0" time="1.014">
  <testsuite name="undefined" errors="0" failures="0" skipped="0" timestamp="2023-12-28T21:02:02" time="0.972" tests="1">
    <testcase classname=" hello" name=" hello" time="0.001">
    </testcase>
  </testsuite>
</testsuites>